[Licensing::Module] Trying to connect to existing licensing client channel...
Built from '6000.4/staging' branch; Version is '6000.4.2f1 (7a4c1aeef971) revision 8014874'; Using compiler version '194234433'; Build Type 'Release'
OS: 'Windows 11  (10.0.26200) Professional' Language: 'de' Physical Memory: 32694 MB
[Licensing::IpcConnector] Successfully connected to: "LicenseClient-wiesi" at "2026-06-23T18:52:07.6809549Z"
BatchMode: 1, IsHumanControllingUs: 0, StartBugReporterOnCrash: 0, Is64bit: 1
System  architecture: x64
Process architecture: x64
Date: 2026-06-23T18:52:07Z

COMMAND LINE ARGUMENTS:
C:\Program Files\Unity\Hub\Editor\6000.4.2f1\Editor\Unity.exe
-adb2
-batchMode
-noUpm
-name
AssetImportWorker3
-projectPath
C:/Users/wiesi/Desktop/GameDev/Warrior in forgotten Ithoria Project/Warrior in forgotten Ithoria
-logFile
Logs/AssetImportWorker3.log
-srvPort
62514
-licensingIpc
LicenseClient-wiesi
-force-d3d12
-job-worker-count
7
-background-job-worker-count
8
-gc-helper-count
1
-name
AssetImport
Successfully changed project path to: C:/Users/wiesi/Desktop/GameDev/Warrior in forgotten Ithoria Project/Warrior in forgotten Ithoria
C:/Users/wiesi/Desktop/GameDev/Warrior in forgotten Ithoria Project/Warrior in forgotten Ithoria
[UnityMemory] Configuration Parameters - Can be set up in boot.config
    "memorysetup-temp-allocator-size-gi-baking-worker=262144"
    "memorysetup-temp-allocator-size-gi-baking-worker=262144"
    "memorysetup-temp-allocator-size-gi-baking-worker=262144"
    "memorysetup-temp-allocator-size-gi-baking-worker=262144"
    "memorysetup-temp-allocator-size-gi-baking-worker=262144"
    "memorysetup-temp-allocator-size-nav-mesh-worker=65536"
    "memorysetup-temp-allocator-size-audio-worker=65536"
    "memorysetup-temp-allocator-size-cloud-worker=32768"
    "memorysetup-temp-allocator-size-gfx=262144"
    "memorysetup-temp-allocator-size-preload-manager=33554432"
    "memorysetup-temp-allocator-size-job-worker=262144"
    "memorysetup-temp-allocator-size-background-worker=32768"
    "memorysetup-allocator-temp-initial-block-size-main=262144"
    "memorysetup-allocator-temp-initial-block-size-worker=262144"
    "memorysetup-bucket-allocator-granularity=16"
    "memorysetup-bucket-allocator-bucket-count=8"
    "memorysetup-bucket-allocator-block-size=33554432"
    "memorysetup-bucket-allocator-block-count=8"
    "memorysetup-main-allocator-block-size=16777216"
    "memorysetup-thread-allocator-block-size=16777216"
    "memorysetup-gfx-main-allocator-block-size=16777216"
    "memorysetup-gfx-thread-allocator-block-size=16777216"
    "memorysetup-cache-allocator-block-size=4194304"
    "memorysetup-typetree-allocator-block-size=2097152"
    "memorysetup-profiler-bucket-allocator-granularity=16"
    "memorysetup-profiler-bucket-allocator-bucket-count=8"
    "memorysetup-profiler-bucket-allocator-block-size=33554432"
    "memorysetup-profiler-bucket-allocator-block-count=8"
    "memorysetup-profiler-allocator-block-size=16777216"
    "memorysetup-profiler-editor-allocator-block-size=1048576"
    "memorysetup-temp-allocator-size-main=16777216"
    "memorysetup-job-temp-allocator-block-size=2097152"
    "memorysetup-job-temp-allocator-block-size-background=1048576"
    "memorysetup-job-temp-allocator-reduction-small-platforms=262144"
Player connection [27128]  Target information:

Player connection [27128]  * "[IP] 192.168.178.20 [Port] 0 [Flags] 2 [Guid] 433063532 [EditorId] 433063532 [Version] 1048832 [Id] WindowsEditor(7,DESKTOP-8S0LE85) [Debug] 1 [PackageName] WindowsEditor [ProjectName] Editor" 

Player connection [27128] Host joined multi-casting on [225.0.0.222:54997]...
Player connection [27128] Host joined alternative multi-casting on [225.0.0.222:34997]...
JobSystem: Creating JobQueue using job-worker-count value 7
Input System module state changed to: Initialized.
[Physics::Module] Initialized fallback backend.
[Physics::Module] Id: 0xdecafbad
Library Redirect Path: Library/
[Physics::Module] Selected backend.
[Physics::Module] Name: PhysX
[Physics::Module] Id: 0xf2b8ea05
[Physics::Module] SDK Version: 4.1.2
[Physics::Module] Integration Version: 1.0.0
[Physics::Module] Threading Mode: Multi-Threaded
Refreshing native plugins compatible for Editor in 5.43 ms, found 5 plugins.
Initialize engine version: 6000.4.2f1 (7a4c1aeef971)
[Subsystems] Discovering subsystems at path C:/Program Files/Unity/Hub/Editor/6000.4.2f1/Editor/Data/Resources/UnitySubsystems
[Subsystems] Discovering subsystems at path C:/Users/wiesi/Desktop/GameDev/Warrior in forgotten Ithoria Project/Warrior in forgotten Ithoria/Assets
Forcing GfxDevice: Direct3D 12
GfxDevice: creating device client; kGfxThreadingModeNonThreaded
d3d12: failed to query info queue interface (0x80004002).
Direct3D:
    Version:         Direct3D 12 [level 12.2]
    Renderer:        NVIDIA GeForce RTX 4060 Ti (ID=0x2803)
    Vendor:          NVIDIA
    VRAM:            16107 MB
    App VRAM Budget: 15339 MB
    Driver:          32.0.15.9186
Initialize mono
Mono path[0] = 'C:/Program Files/Unity/Hub/Editor/6000.4.2f1/Editor/Data/Managed'
Mono path[1] = 'C:/Program Files/Unity/Hub/Editor/6000.4.2f1/Editor/Data/MonoBleedingEdge/lib/mono/unityjit-win32'
Mono config path = 'C:/Program Files/Unity/Hub/Editor/6000.4.2f1/Editor/Data/MonoBleedingEdge/etc'
Using monoOptions --debugger-agent=transport=dt_socket,embedding=1,server=y,suspend=n,address=127.0.0.1:56048
CodeReloadManager initialized
Begin MonoManager ReloadAssembly
[Licensing::Client] Error: HandshakeResponse reported an error:
	ResponseCode: 505
	ResponseStatus: Unsupported protocol version '1.18.1'.
[Licensing::Module] Error: Failed to handshake to channel: "LicenseClient-wiesi"
[Licensing::IpcConnector] LicenseClient-wiesi channel disconnected successfully.
[Licensing::IpcConnector] Successfully connected to: "LicenseClient-wiesi-6000.4.2" at "2026-06-23T18:52:08.7932712Z"
Registering precompiled unity dll's ...
Register platform support module: C:/Program Files/Unity/Hub/Editor/6000.4.2f1/Editor/Data/PlaybackEngines/WindowsStandaloneSupport/UnityEditor.WindowsStandalone.Extensions.dll
Registered in 0.001895 seconds.
Native extension for WindowsStandalone target not found
Package Manager log level set to [2]
[Package Manager] Failed to launch server process. Reason: Unity was launched with the -noUpm command-line argument
[Package Manager] Unable to send message (not connected to server process).
[Package Manager] Cannot connect to Unity Package Manager local server
ScheduleIndexationOnStartup MainProcess:False IndexOnStartup:True
Mono: successfully reloaded assembly
- Finished resetting the current domain, in  0.581 seconds
Domain Reload Profiling: 1230ms
	BeginReloadAssembly (184ms)
	RebuildCommonClasses (62ms)
	RebuildNativeTypeToScriptingClass (18ms)
	initialDomainReloadingComplete (90ms)
	LoadAllAssembliesAndSetupDomain (291ms)
		LoadAssemblies (179ms)
		AnalyzeDomain (277ms)
			TypeCache.Refresh (275ms)
				TypeCache.ScanAssembly (253ms)
	FinalizeReload (584ms)
		SetupLoadedEditorAssemblies (0ms)
			InitializePlatformSupportModulesInManaged (67ms)
			BeforeProcessingInitializeOnLoad (126ms)
			ProcessInitializeOnLoadAttributes (156ms)
			ProcessInitializeOnLoadMethodAttributes (122ms)
[Licensing::Client] Handshaking with LicensingClient:
  Version:                 1.18.1+9fbee8e
  Session Id:              abf11096d89f464fbbc8ba3641d22ceb
  Correlation Id:          57bb0c9c14474d8ac1576b4036882ac1
  External correlation Id: 3138466512631531985
  Machine Id:              yA11vvOMbs3gc+qfROlM1DABffU=
[Licensing::Module] Successfully connected to LicensingClient on channel: "LicenseClient-wiesi-6000.4.2" (connect: 0.00s, validation: 0.00s, handshake: 1.24s)
[Licensing::IpcConnector] Successfully connected to: "LicenseClient-wiesi-6000.4.2-notifications" at "2026-06-23T18:52:10.0371034Z"
[Licensing::Module] Licensing Background thread has ended after 2.36s
========================================================================
Worker process is ready to serve import requests
Import Worker Mode flag is 0x00
Begin MonoManager ReloadAssembly
[Licensing::Client] Successfully resolved entitlement details
[Licensing::Module] License group:
  Id: 9072353285815-UnityPersXXXX
  Product: Unity Personal
  Type: Assigned
  Expiration: Unlimited
Assembly Assembly-CSharp-Editor-firstpass.dll at Library/ScriptAssemblies/Assembly-CSharp-Editor-firstpass.dll not valid. Loading of assembly skipped.
Assembly Assembly-CSharp-Editor.dll at Library/ScriptAssemblies/Assembly-CSharp-Editor.dll not valid. Loading of assembly skipped.
Assembly Assembly-CSharp-firstpass.dll at Library/ScriptAssemblies/Assembly-CSharp-firstpass.dll not valid. Loading of assembly skipped.
Assembly DocCodeExamples.dll at Library/ScriptAssemblies/DocCodeExamples.dll not valid. Loading of assembly skipped.
Assembly TestNewCustomAssembly.dll at Library/ScriptAssemblies/TestNewCustomAssembly.dll not valid. Loading of assembly skipped.
Assembly Unity.2D.Animation.EditorTests.dll at Library/ScriptAssemblies/Unity.2D.Animation.EditorTests.dll not valid. Loading of assembly skipped.
Assembly Unity.2D.Aseprite.EditorTests.dll at Library/ScriptAssemblies/Unity.2D.Aseprite.EditorTests.dll not valid. Loading of assembly skipped.
Assembly Unity.2D.Common.EditorTests.dll at Library/ScriptAssemblies/Unity.2D.Common.EditorTests.dll not valid. Loading of assembly skipped.
Assembly Unity.2D.Psdimporter.EditorTests.dll at Library/ScriptAssemblies/Unity.2D.Psdimporter.EditorTests.dll not valid. Loading of assembly skipped.
Assembly Unity.2D.Sprite.Package.EditorTests.dll at Library/ScriptAssemblies/Unity.2D.Sprite.Package.EditorTests.dll not valid. Loading of assembly skipped.
Assembly Unity.2D.SpriteShape.EditorTests.dll at Library/ScriptAssemblies/Unity.2D.SpriteShape.EditorTests.dll not valid. Loading of assembly skipped.
Assembly Unity.2D.Tilemap.Package.EditorTests.dll at Library/ScriptAssemblies/Unity.2D.Tilemap.Package.EditorTests.dll not valid. Loading of assembly skipped.
Assembly Unity.Collections.BurstCompatibilityGen.dll at Library/ScriptAssemblies/Unity.Collections.BurstCompatibilityGen.dll not valid. Loading of assembly skipped.
Assembly Unity.Collections.DocCodeSamples.dll at Library/ScriptAssemblies/Unity.Collections.DocCodeSamples.dll not valid. Loading of assembly skipped.
Assembly Unity.Collections.PerformanceTests.dll at Library/ScriptAssemblies/Unity.Collections.PerformanceTests.dll not valid. Loading of assembly skipped.
Assembly Unity.Collections.Tests.dll at Library/ScriptAssemblies/Unity.Collections.Tests.dll not valid. Loading of assembly skipped.
Assembly Unity.Collections.Tests.Playmode.dll at Library/ScriptAssemblies/Unity.Collections.Tests.Playmode.dll not valid. Loading of assembly skipped.
Assembly Unity.InputSystem.IntegrationTests.dll at Library/ScriptAssemblies/Unity.InputSystem.IntegrationTests.dll not valid. Loading of assembly skipped.
Assembly Unity.Mathematics.Tests.dll at Library/ScriptAssemblies/Unity.Mathematics.Tests.dll not valid. Loading of assembly skipped.
Assembly Unity.Multiplayer.Center.Editor.Tests.dll at Library/ScriptAssemblies/Unity.Multiplayer.Center.Editor.Tests.dll not valid. Loading of assembly skipped.
Assembly Unity.Multiplayer.Center.Tests.dll at Library/ScriptAssemblies/Unity.Multiplayer.Center.Tests.dll not valid. Loading of assembly skipped.
Assembly Unity.Nuget.Mono-Cecil.dll at Library/ScriptAssemblies/Unity.Nuget.Mono-Cecil.dll not valid. Loading of assembly skipped.
Assembly Unity.PathTracing.Editor.Tests.dll at Library/ScriptAssemblies/Unity.PathTracing.Editor.Tests.dll not valid. Loading of assembly skipped.
Assembly Unity.PathTracing.Runtime.Tests.dll at Library/ScriptAssemblies/Unity.PathTracing.Runtime.Tests.dll not valid. Loading of assembly skipped.
Assembly Unity.RenderPipelines.Core.Editor.Tests.dll at Library/ScriptAssemblies/Unity.RenderPipelines.Core.Editor.Tests.dll not valid. Loading of assembly skipped.
Assembly Unity.RenderPipelines.Core.Runtime.Tests.dll at Library/ScriptAssemblies/Unity.RenderPipelines.Core.Runtime.Tests.dll not valid. Loading of assembly skipped.
Assembly Unity.RenderPipelines.Universal.Config.Editor.Tests.dll at Library/ScriptAssemblies/Unity.RenderPipelines.Universal.Config.Editor.Tests.dll not valid. Loading of assembly skipped.
Assembly Unity.RenderPipelines.Universal.Editor.Tests.dll at Library/ScriptAssemblies/Unity.RenderPipelines.Universal.Editor.Tests.dll not valid. Loading of assembly skipped.
Assembly Unity.RenderPipelines.Universal.Runtime.Tests.dll at Library/ScriptAssemblies/Unity.RenderPipelines.Universal.Runtime.Tests.dll not valid. Loading of assembly skipped.
Assembly Unity.Searcher.EditorTests.dll at Library/ScriptAssemblies/Unity.Searcher.EditorTests.dll not valid. Loading of assembly skipped.
Assembly Unity.ShaderGraph.Editor.Tests.dll at Library/ScriptAssemblies/Unity.ShaderGraph.Editor.Tests.dll not valid. Loading of assembly skipped.
Assembly Unity.TextMeshPro.Editor.Tests.dll at Library/ScriptAssemblies/Unity.TextMeshPro.Editor.Tests.dll not valid. Loading of assembly skipped.
Assembly Unity.TextMeshPro.Tests.dll at Library/ScriptAssemblies/Unity.TextMeshPro.Tests.dll not valid. Loading of assembly skipped.
Assembly Unity.UnifiedRayTracing.Editor.Tests.dll at Library/ScriptAssemblies/Unity.UnifiedRayTracing.Editor.Tests.dll not valid. Loading of assembly skipped.
Assembly UnityEditor.UI.Common.Tests.dll at Library/ScriptAssemblies/UnityEditor.UI.Common.Tests.dll not valid. Loading of assembly skipped.
Assembly UnityEditor.UI.EditorTests.dll at Library/ScriptAssemblies/UnityEditor.UI.EditorTests.dll not valid. Loading of assembly skipped.
Assembly UnityEngine.UI.Tests.dll at Library/ScriptAssemblies/UnityEngine.UI.Tests.dll not valid. Loading of assembly skipped.
Refreshing native plugins compatible for Editor in 2.42 ms, found 5 plugins.
Native extension for WindowsStandalone target not found
[Package Manager] Failed to launch server process. Reason: Unity was launched with the -noUpm command-line argument
[Package Manager] Unable to send message (not connected to server process).
[Package Manager] Cannot connect to Unity Package Manager local server
Refreshing native plugins compatible for Editor in 2.39 ms, found 5 plugins.
[Package Manager] Failed to launch server process. Reason: Unity was launched with the -noUpm command-line argument
[Package Manager] Unable to send message (not connected to server process).
[Package Manager] Cannot connect to Unity Package Manager local server
ScheduleIndexationOnStartup MainProcess:False IndexOnStartup:True
Mono: successfully reloaded assembly
- Finished resetting the current domain, in  0.963 seconds
Domain Reload Profiling: 1957ms
	BeginReloadAssembly (212ms)
		DisableScriptedObjects (7ms)
		CreateAndSetChildDomain (39ms)
	RebuildCommonClasses (51ms)
	RebuildNativeTypeToScriptingClass (13ms)
	initialDomainReloadingComplete (80ms)
	LoadAllAssembliesAndSetupDomain (637ms)
		LoadAssemblies (439ms)
		AnalyzeDomain (313ms)
			TypeCache.Refresh (205ms)
				TypeCache.ScanAssembly (190ms)
			BuildScriptInfoCaches (92ms)
			ResolveRequiredComponents (13ms)
	FinalizeReload (964ms)
		SetupLoadedEditorAssemblies (0ms)
			BeforeProcessingInitializeOnLoad (157ms)
			ProcessInitializeOnLoadAttributes (483ms)
			ProcessInitializeOnLoadMethodAttributes (149ms)
			AfterProcessingInitializeOnLoad (5ms)
		AwakeInstancesAfterBackupRestoration (7ms)
Launched and connected shader compiler UnityShaderCompiler.exe after 0.01 seconds
Refreshing native plugins compatible for Editor in 3.50 ms, found 5 plugins.
Unloading 24 Unused Serialized files (Serialized files now loaded: 0)
Unloading 7269 unused Assets / (6.3 MB). Loaded Objects now: 8095.
Memory consumption went from 163.4 MB to 157.1 MB.
Total: 11.870000 ms (FindLiveObjects: 0.923800 ms CreateObjectMapping: 1.059800 ms MarkObjects: 6.661700 ms  DeleteObjects: 3.221900 ms)

========================================================================
Received Import Request.
  Time since last request: 8932.750818 seconds.
  path: Assets/Art/Tiles/kealler/kaeller wall right.png
  importAddress: Guid(dc1a704dc1f304043b36cc322eeecfed) Importer(2089858483,b0f066a214c2f5e87bad3c948f4d605d)
Start importing Assets/Art/Tiles/kealler/kaeller wall right.png using Guid(dc1a704dc1f304043b36cc322eeecfed) Importer(2089858483,b0f066a214c2f5e87bad3c948f4d605d) (ScriptedImporter) -> (Import Result ID: '95792ab04955eee935a705c8ad5ad0d1') in 0.1319886 seconds [static and dynamic dependencies]. Details - ImportResultOutputID=5a686a70e7848855e7fe69081a59dec5 DependenciesID=9caa9006ba8ca1d0f4ee060186c10d8d StaticDependenciesID=4fc2966cabc0a2ce95a68161baed44eb 
Number of updated asset objects reloaded before import = 0Number of asset objects unloaded after import = 3

========================================================================
Received Import Request.
  Time since last request: 0.000020 seconds.
  path: Assets/Art/Tiles/normal room/stairs up normal room wall top.png
  importAddress: Guid(b3a3a7b7a6d38194eb40bf925011440a) Importer(2089858483,b0f066a214c2f5e87bad3c948f4d605d)
Start importing Assets/Art/Tiles/normal room/stairs up normal room wall top.png using Guid(b3a3a7b7a6d38194eb40bf925011440a) Importer(2089858483,b0f066a214c2f5e87bad3c948f4d605d) (ScriptedImporter) -> (Import Result ID: 'aef19d56d3e81128c395e547d5125d79') in 0.0167655 seconds [static and dynamic dependencies]. Details - ImportResultOutputID=9c3c258f000156bb619220818be98869 DependenciesID=59d0b756e79a3417ffe4638f2aa45edc StaticDependenciesID=934d81fa2bd77fb9a151df5457216f1b 
Number of updated asset objects reloaded before import = 0Number of asset objects unloaded after import = 3

========================================================================
Received Import Request.
  Time since last request: 0.000019 seconds.
  path: Assets/Art/Tiles/kealler/kaeller top wall.png
  importAddress: Guid(386c8ad17388c5f46a20a48812d01844) Importer(2089858483,b0f066a214c2f5e87bad3c948f4d605d)
Start importing Assets/Art/Tiles/kealler/kaeller top wall.png using Guid(386c8ad17388c5f46a20a48812d01844) Importer(2089858483,b0f066a214c2f5e87bad3c948f4d605d) (ScriptedImporter) -> (Import Result ID: '32baa0601d0c62fe26ec3121c01acb28') in 0.0151924 seconds [static and dynamic dependencies]. Details - ImportResultOutputID=594371b75d853b037c9448d5d6fa7483 DependenciesID=3867322ef4ed62df821b6546ceb877e1 StaticDependenciesID=5a6a56ec9fbe8f47ed5a26f0a0d13bf8 
Number of updated asset objects reloaded before import = 0Number of asset objects unloaded after import = 3

========================================================================
Received Import Request.
  Time since last request: 0.000030 seconds.
  path: Assets/Art/Tiles/hotbar/sword bar icon.png
  importAddress: Guid(d4b8049e5fd39ce47b3fc55aa626cc40) Importer(2089858483,b0f066a214c2f5e87bad3c948f4d605d)
Start importing Assets/Art/Tiles/hotbar/sword bar icon.png using Guid(d4b8049e5fd39ce47b3fc55aa626cc40) Importer(2089858483,b0f066a214c2f5e87bad3c948f4d605d) (ScriptedImporter) -> (Import Result ID: '3c4a5a8875c11ea91077a71657431c09') in 0.012772 seconds [static and dynamic dependencies]. Details - ImportResultOutputID=590537f09d2724295f6475e081ffba56 DependenciesID=932067bd8de3ba2e96d2c912caa5fef0 StaticDependenciesID=395b11ad83f254e68e4e14f06beec800 
Number of updated asset objects reloaded before import = 0Number of asset objects unloaded after import = 3

========================================================================
Received Import Request.
  Time since last request: 0.000015 seconds.
  path: Assets/Art/Tiles
  importAddress: Guid(13e9ee97a63fd594d97ca90a8934006c) Importer(815301076,1909f56bfc062723c751e8b465ee728b)
Start importing Assets/Art/Tiles using Guid(13e9ee97a63fd594d97ca90a8934006c) Importer(815301076,1909f56bfc062723c751e8b465ee728b) (PreviewImporter) -> (Import Result ID: 'fb61a855e4584651b9974a9b60d4dc06') in 0.0006415 seconds [static and dynamic dependencies]. Details - ImportResultOutputID=9a52c069d9d2a06eb1fcd688a9dc5500 DependenciesID=7e8b23aa06c17a00b79f11b18ad3f4f6 StaticDependenciesID=f967009c26098515c08a5eeea2d58655 
Number of updated asset objects reloaded before import = 0Number of asset objects unloaded after import = 0

========================================================================
Received Import Request.
  Time since last request: 0.000016 seconds.
  path: Assets/Art/Tiles/hotbar/itembar.png
  importAddress: Guid(f50a017bbf469da4eb640a0beef79a88) Importer(815301076,1909f56bfc062723c751e8b465ee728b)
Start importing Assets/Art/Tiles/hotbar/itembar.png using Guid(f50a017bbf469da4eb640a0beef79a88) Importer(815301076,1909f56bfc062723c751e8b465ee728b) (PreviewImporter) -> (Import Result ID: 'c324c1e034c50d4c18d6a62ab8bb5057') in 0.066261 seconds [static and dynamic dependencies]. Details - ImportResultOutputID=05f92f25807a05cb93eb605ecbb68fd6 DependenciesID=989e497d405747347f9aae2dfe796901 StaticDependenciesID=0562380f22615bac8fcf4bab60fb6ed4 
Number of updated asset objects reloaded before import = 0Number of asset objects unloaded after import = 3

========================================================================
Received Import Request.
  Time since last request: 0.000014 seconds.
  path: Assets/Art/Tiles/kealler/kaeller wall left.png
  importAddress: Guid(39ba6e1641f1cea4e89ecce39977d299) Importer(2089858483,b0f066a214c2f5e87bad3c948f4d605d)
Start importing Assets/Art/Tiles/kealler/kaeller wall left.png using Guid(39ba6e1641f1cea4e89ecce39977d299) Importer(2089858483,b0f066a214c2f5e87bad3c948f4d605d) (ScriptedImporter) -> (Import Result ID: 'f48c73b46de0996bb843f7b315947903') in 0.0128835 seconds [static and dynamic dependencies]. Details - ImportResultOutputID=42aea7f64626ec303a77d4c0ec39787b DependenciesID=ee38f889d83f15f6b30fa91466d6861b StaticDependenciesID=1b2034a4f3d2a404d82a23059afdfce2 
Number of updated asset objects reloaded before import = 0Number of asset objects unloaded after import = 3

========================================================================
Received Import Request.
  Time since last request: 0.000019 seconds.
  path: Assets/Art/Tiles/normal room/normal room bottom corner right .png
  importAddress: Guid(86aee5cb39ef11246967b8d4cff69ff1) Importer(2089858483,b0f066a214c2f5e87bad3c948f4d605d)
Start importing Assets/Art/Tiles/normal room/normal room bottom corner right .png using Guid(86aee5cb39ef11246967b8d4cff69ff1) Importer(2089858483,b0f066a214c2f5e87bad3c948f4d605d) (ScriptedImporter) -> (Import Result ID: 'dcc27b57bdf260726456ee0872ff2204') in 0.0145462 seconds [static and dynamic dependencies]. Details - ImportResultOutputID=2c978f59e6c19bab3af13990070d9fe8 DependenciesID=56e8074bb94f12dba078faac6448a015 StaticDependenciesID=ea767962cc9a9cedef3ad644fa86fb1d 
Number of updated asset objects reloaded before import = 0Number of asset objects unloaded after import = 3

========================================================================
Received Import Request.
  Time since last request: 3.064819 seconds.
  path: Assets/Art/Tiles/kealler/kaeller corner left top.png
  importAddress: Guid(c355a4f697289c64ebec2f4f26d60d39) Importer(815301076,1909f56bfc062723c751e8b465ee728b)
Start importing Assets/Art/Tiles/kealler/kaeller corner left top.png using Guid(c355a4f697289c64ebec2f4f26d60d39) Importer(815301076,1909f56bfc062723c751e8b465ee728b) (PreviewImporter) -> (Import Result ID: '95db96b261e1fa02292ae54234149499') in 0.0222775 seconds [static and dynamic dependencies]. Details - ImportResultOutputID=c482341c6fd5e34d0a71c11764cb5082 DependenciesID=f0071d3f311d31f567a7867805db1976 StaticDependenciesID=664b67670fa3bc469d6730601d13b194 
Number of updated asset objects reloaded before import = 0Number of asset objects unloaded after import = 3

========================================================================
Received Import Request.
  Time since last request: 0.000014 seconds.
  path: Assets/Art/Tiles/kealler/kaeller room wall bottom .png
  importAddress: Guid(16b188b9810fde94b848de1ab36ed1f9) Importer(815301076,1909f56bfc062723c751e8b465ee728b)
Start importing Assets/Art/Tiles/kealler/kaeller room wall bottom .png using Guid(16b188b9810fde94b848de1ab36ed1f9) Importer(815301076,1909f56bfc062723c751e8b465ee728b) (PreviewImporter) -> (Import Result ID: 'd6de4bc3863bbc9cd68f0598de0e8452') in 0.0162956 seconds [static and dynamic dependencies]. Details - ImportResultOutputID=f2c1ea106770e8b546e246b0cc2a5188 DependenciesID=7b58f20c918b701005a3a233c454c79f StaticDependenciesID=de733f6597516f2e75f15507b079a603 
Number of updated asset objects reloaded before import = 0Number of asset objects unloaded after import = 3

========================================================================
Received Import Request.
  Time since last request: 0.000015 seconds.
  path: Assets/Art/Tiles/kealler/kaeller top wall stairs up.png
  importAddress: Guid(f44e7ac2248dbe34991eba8ea39cb7f6) Importer(815301076,1909f56bfc062723c751e8b465ee728b)
Start importing Assets/Art/Tiles/kealler/kaeller top wall stairs up.png using Guid(f44e7ac2248dbe34991eba8ea39cb7f6) Importer(815301076,1909f56bfc062723c751e8b465ee728b) (PreviewImporter) -> (Import Result ID: '1a2b1c72f41a1aeaeb5d831ff7f5b0fc') in 0.0157294 seconds [static and dynamic dependencies]. Details - ImportResultOutputID=b1ca9c8b3a8cb6fb12bd734e8b4e8533 DependenciesID=25dd8f0f736008becf1f9d1d38928be0 StaticDependenciesID=bcb391734268fa403eaabc46d99aaead 
Number of updated asset objects reloaded before import = 0Number of asset objects unloaded after import = 3

========================================================================
Received Import Request.
  Time since last request: 0.814942 seconds.
  path: Assets/Art/Tiles/normal room/normal room top right corner.png
  importAddress: Guid(6e8c1c91c89d2b444a2e4a590d9c65a2) Importer(815301076,1909f56bfc062723c751e8b465ee728b)
Start importing Assets/Art/Tiles/normal room/normal room top right corner.png using Guid(6e8c1c91c89d2b444a2e4a590d9c65a2) Importer(815301076,1909f56bfc062723c751e8b465ee728b) (PreviewImporter) -> (Import Result ID: '1e9333873e28a379921031c9b5b1b9a5') in 0.0173606 seconds [static and dynamic dependencies]. Details - ImportResultOutputID=ca2e51c4cc8288c1bf13861b1a621113 DependenciesID=513a9ee1aad141da2bc56704a9c6ef63 StaticDependenciesID=7ba6a8880dec932ac11404d390670c31 
Number of updated asset objects reloaded before import = 0Number of asset objects unloaded after import = 3

========================================================================
Received Import Request.
  Time since last request: 0.000017 seconds.
  path: Assets/Art/Tiles/normal room/normal room wall left .png
  importAddress: Guid(a6c03900f2413c74a956c476960b6caa) Importer(815301076,1909f56bfc062723c751e8b465ee728b)
Start importing Assets/Art/Tiles/normal room/normal room wall left .png using Guid(a6c03900f2413c74a956c476960b6caa) Importer(815301076,1909f56bfc062723c751e8b465ee728b) (PreviewImporter) -> (Import Result ID: 'ade3a4b0395930e8b956ca84801ec437') in 0.0158008 seconds [static and dynamic dependencies]. Details - ImportResultOutputID=2465801f81e3a2f7fa9312661a710ae5 DependenciesID=0c8214c3f871978cf6b67b06e956de29 StaticDependenciesID=c0587e9ccee316bf7af61a47f7a7aecb 
Number of updated asset objects reloaded before import = 0Number of asset objects unloaded after import = 3

========================================================================
Received Import Request.
  Time since last request: 0.000025 seconds.
  path: Assets/Art/Tiles/normal room/stairs up normal room wall top.png
  importAddress: Guid(b3a3a7b7a6d38194eb40bf925011440a) Importer(815301076,1909f56bfc062723c751e8b465ee728b)
Start importing Assets/Art/Tiles/normal room/stairs up normal room wall top.png using Guid(b3a3a7b7a6d38194eb40bf925011440a) Importer(815301076,1909f56bfc062723c751e8b465ee728b) (PreviewImporter) -> (Import Result ID: 'b39a000af9ad18d1980d56827f0d12f2') in 0.0155626 seconds [static and dynamic dependencies]. Details - ImportResultOutputID=3dbf26538dde2ccb6549140807fc63d1 DependenciesID=3e2a9509980eb5fca0f084ebb015574b StaticDependenciesID=285c12ca793bf5d2a63e93e63c4de6d5 
Number of updated asset objects reloaded before import = 0Number of asset objects unloaded after import = 3

Editor requested this worker to shutdown with reason: Scaling down because of idle timeout
AssetImportWorker is now disconnected from the server
Process exiting
Exiting without the bug reporter. Application will terminate with return code 0