database is locked
[Licensing::Module] Trying to connect to existing licensing client channel...
[Licensing::IpcConnector] Successfully connected to: "LicenseClient-helen" at "2026-06-22T21:56:51.2180819Z"
Built from '6000.4/staging' branch; Version is '6000.4.2f1 (7a4c1aeef971) revision 8014874'; Using compiler version '194234433'; Build Type 'Release'
OS: 'Windows 10  (10.0.19045) 64bit Core' Language: 'de' Physical Memory: 8121 MB
BatchMode: 1, IsHumanControllingUs: 0, StartBugReporterOnCrash: 0, Is64bit: 1
System  architecture: x64
Process architecture: x64
Date: 2026-06-22T21:56:51Z

COMMAND LINE ARGUMENTS:
C:\Program Files\Unity\Hub\Editor\6000.4.2f1\Editor\Unity.exe
-adb2
-batchMode
-noUpm
-name
AssetImportWorker2
-projectPath
D:/GitHubOrdner/Warrior-in-forgotten-Ithoria
-logFile
Logs/AssetImportWorker2.log
-srvPort
64047
-licensingIpc
LicenseClient-helen
-force-d3d12
-job-worker-count
1
-background-job-worker-count
8
-gc-helper-count
1
-name
AssetImport
Successfully changed project path to: D:/GitHubOrdner/Warrior-in-forgotten-Ithoria
D:/GitHubOrdner/Warrior-in-forgotten-Ithoria
[UnityMemory] Configuration Parameters - Can be set up in boot.config
    "memorysetup-temp-allocator-size-gi-baking-worker=262144"
    "memorysetup-temp-allocator-size-gi-baking-worker=262144"
    "memorysetup-temp-allocator-size-gi-baking-worker=262144"
    "memorysetup-temp-allocator-size-gi-baking-worker=262144"
    "memorysetup-temp-allocator-size-gi-baking-worker=262144"
    "memorysetup-temp-allocator-size-nav-mesh-worker=65536"
    "memorysetup-temp-allocator-size-audio-worker=65536"
    "memorysetup-temp-allocator-size-cloud-worker=32768"
    "memorysetup-temp-allocator-size-gfx=262144"
    "memorysetup-temp-allocator-size-preload-manager=33554432"
    "memorysetup-temp-allocator-size-job-worker=262144"
    "memorysetup-temp-allocator-size-background-worker=32768"
    "memorysetup-allocator-temp-initial-block-size-main=262144"
    "memorysetup-allocator-temp-initial-block-size-worker=262144"
    "memorysetup-bucket-allocator-granularity=16"
    "memorysetup-bucket-allocator-bucket-count=8"
    "memorysetup-bucket-allocator-block-size=33554432"
    "memorysetup-bucket-allocator-block-count=8"
    "memorysetup-main-allocator-block-size=16777216"
    "memorysetup-thread-allocator-block-size=16777216"
    "memorysetup-gfx-main-allocator-block-size=16777216"
    "memorysetup-gfx-thread-allocator-block-size=16777216"
    "memorysetup-cache-allocator-block-size=4194304"
    "memorysetup-typetree-allocator-block-size=2097152"
    "memorysetup-profiler-bucket-allocator-granularity=16"
    "memorysetup-profiler-bucket-allocator-bucket-count=8"
    "memorysetup-profiler-bucket-allocator-block-size=33554432"
    "memorysetup-profiler-bucket-allocator-block-count=8"
    "memorysetup-profiler-allocator-block-size=16777216"
    "memorysetup-profiler-editor-allocator-block-size=1048576"
    "memorysetup-temp-allocator-size-main=16777216"
    "memorysetup-job-temp-allocator-block-size=2097152"
    "memorysetup-job-temp-allocator-block-size-background=1048576"
    "memorysetup-job-temp-allocator-reduction-small-platforms=262144"
Player connection [17532]  Target information:

Player connection [17532]  * "[IP] 10.0.0.6 [Port] 0 [Flags] 2 [Guid] 3249901624 [EditorId] 3249901624 [Version] 1048832 [Id] WindowsEditor(7,DESKTOP-BRNKP8P) [Debug] 1 [PackageName] WindowsEditor [ProjectName] Editor" 

Player connection [17532] Host joined multi-casting on [225.0.0.222:54997]...
Player connection [17532] Host joined alternative multi-casting on [225.0.0.222:34997]...
JobSystem: Creating JobQueue using job-worker-count value 1
Input System module state changed to: Initialized.
[Physics::Module] Initialized fallback backend.
[Physics::Module] Id: 0xdecafbad
Library Redirect Path: Library/
[Physics::Module] Selected backend.
[Physics::Module] Name: PhysX
[Physics::Module] Id: 0xf2b8ea05
[Physics::Module] SDK Version: 4.1.2
[Physics::Module] Integration Version: 1.0.0
[Physics::Module] Threading Mode: Multi-Threaded
Refreshing native plugins compatible for Editor in 390.37 ms, found 5 plugins.
Initialize engine version: 6000.4.2f1 (7a4c1aeef971)
[Subsystems] Discovering subsystems at path C:/Program Files/Unity/Hub/Editor/6000.4.2f1/Editor/Data/Resources/UnitySubsystems
[Subsystems] Discovering subsystems at path D:/GitHubOrdner/Warrior-in-forgotten-Ithoria/Assets
Forcing GfxDevice: Direct3D 12
GfxDevice: creating device client; kGfxThreadingModeNonThreaded
d3d12: failed to query info queue interface (0x80004002).
Direct3D:
    Version:         Direct3D 12 [level 12.1]
    Renderer:        NVIDIA GeForce GTX 1080 (ID=0x1b80)
    Vendor:          NVIDIA
    VRAM:            8059 MB
    App VRAM Budget: 7291 MB
    Driver:          32.0.15.8180
Initialize mono
Mono path[0] = 'C:/Program Files/Unity/Hub/Editor/6000.4.2f1/Editor/Data/Managed'
Mono path[1] = 'C:/Program Files/Unity/Hub/Editor/6000.4.2f1/Editor/Data/MonoBleedingEdge/lib/mono/unityjit-win32'
Mono config path = 'C:/Program Files/Unity/Hub/Editor/6000.4.2f1/Editor/Data/MonoBleedingEdge/etc'
Using monoOptions --debugger-agent=transport=dt_socket,embedding=1,server=y,suspend=n,address=127.0.0.1:56064
CodeReloadManager initialized
Begin MonoManager ReloadAssembly
Registering precompiled unity dll's ...
Register platform support module: C:/Program Files/Unity/Hub/Editor/6000.4.2f1/Editor/Data/PlaybackEngines/WindowsStandaloneSupport/UnityEditor.WindowsStandalone.Extensions.dll
Registered in 0.039075 seconds.
Native extension for WindowsStandalone target not found
Package Manager log level set to [2]
[Package Manager] Failed to launch server process. Reason: Unity was launched with the -noUpm command-line argument
[Package Manager] Unable to send message (not connected to server process).
[Package Manager] Cannot connect to Unity Package Manager local server
ScheduleIndexationOnStartup MainProcess:False IndexOnStartup:True
Mono: successfully reloaded assembly
- Finished resetting the current domain, in  3.084 seconds
Domain Reload Profiling: 8507ms
	BeginReloadAssembly (1747ms)
		CreateAndSetChildDomain (5ms)
	RebuildCommonClasses (300ms)
	RebuildNativeTypeToScriptingClass (28ms)
	initialDomainReloadingComplete (1492ms)
	LoadAllAssembliesAndSetupDomain (1852ms)
		LoadAssemblies (1695ms)
		AnalyzeDomain (1757ms)
			TypeCache.Refresh (1743ms)
				TypeCache.ScanAssembly (1529ms)
			ResolveRequiredComponents (11ms)
	FinalizeReload (3087ms)
		SetupLoadedEditorAssemblies (0ms)
			InitializePlatformSupportModulesInManaged (619ms)
			BeforeProcessingInitializeOnLoad (357ms)
			ProcessInitializeOnLoadAttributes (1057ms)
			ProcessInitializeOnLoadMethodAttributes (728ms)
[Licensing::Client] Error: HandshakeResponse reported an error:
	ResponseCode: 505
	ResponseStatus: Unsupported protocol version '1.18.1'.
[Licensing::Module] Error: Failed to handshake to channel: "LicenseClient-helen"
[Licensing::IpcConnector] LicenseClient-helen channel disconnected successfully.
[Licensing::IpcConnector] Successfully connected to: "LicenseClient-helen-6000.4.2" at "2026-06-22T21:57:54.9481719Z"
[Licensing::Client] Handshaking with LicensingClient:
  Version:                 1.18.1+9fbee8e
  Session Id:              a50b3be7fa4c457a99a429b8f871bc35
  Correlation Id:          1e98f33afb80040efcf2710bf5ea87c7
  External correlation Id: 1047004647888586470
  Machine Id:              5xo5oQ4p3L5DZbmV2rNHYydwdi0=
[Licensing::Module] Successfully connected to LicensingClient on channel: "LicenseClient-helen-6000.4.2" (connect: 0.27s, validation: 0.34s, handshake: 14.79s)
[Licensing::IpcConnector] Successfully connected to: "LicenseClient-helen-6000.4.2-notifications" at "2026-06-22T21:58:10.0883887Z"
[Licensing::Module] Licensing Background thread has ended after 78.87s
========================================================================
Worker process is ready to serve import requests
Import Worker Mode flag is 0x00
Begin MonoManager ReloadAssembly
[Licensing::Client] Successfully resolved entitlement details
[Licensing::Module] License group:
  Id: 9072353236722-UnityPersXXXX
  Product: Unity Personal
  Type: Assigned
  Expiration: Unlimited
Assembly Assembly-CSharp-Editor-firstpass.dll at Library/ScriptAssemblies/Assembly-CSharp-Editor-firstpass.dll not valid. Loading of assembly skipped.
Assembly Assembly-CSharp-Editor.dll at Library/ScriptAssemblies/Assembly-CSharp-Editor.dll not valid. Loading of assembly skipped.
Assembly Assembly-CSharp-firstpass.dll at Library/ScriptAssemblies/Assembly-CSharp-firstpass.dll not valid. Loading of assembly skipped.
Assembly DocCodeExamples.dll at Library/ScriptAssemblies/DocCodeExamples.dll not valid. Loading of assembly skipped.
Assembly TestNewCustomAssembly.dll at Library/ScriptAssemblies/TestNewCustomAssembly.dll not valid. Loading of assembly skipped.
Assembly Unity.2D.Animation.EditorTests.dll at Library/ScriptAssemblies/Unity.2D.Animation.EditorTests.dll not valid. Loading of assembly skipped.
Assembly Unity.2D.Aseprite.EditorTests.dll at Library/ScriptAssemblies/Unity.2D.Aseprite.EditorTests.dll not valid. Loading of assembly skipped.
Assembly Unity.2D.Common.EditorTests.dll at Library/ScriptAssemblies/Unity.2D.Common.EditorTests.dll not valid. Loading of assembly skipped.
Assembly Unity.2D.Psdimporter.EditorTests.dll at Library/ScriptAssemblies/Unity.2D.Psdimporter.EditorTests.dll not valid. Loading of assembly skipped.
Assembly Unity.2D.Sprite.Package.EditorTests.dll at Library/ScriptAssemblies/Unity.2D.Sprite.Package.EditorTests.dll not valid. Loading of assembly skipped.
Assembly Unity.2D.SpriteShape.EditorTests.dll at Library/ScriptAssemblies/Unity.2D.SpriteShape.EditorTests.dll not valid. Loading of assembly skipped.
Assembly Unity.2D.Tilemap.Package.EditorTests.dll at Library/ScriptAssemblies/Unity.2D.Tilemap.Package.EditorTests.dll not valid. Loading of assembly skipped.
Assembly Unity.Collections.BurstCompatibilityGen.dll at Library/ScriptAssemblies/Unity.Collections.BurstCompatibilityGen.dll not valid. Loading of assembly skipped.
Assembly Unity.Collections.DocCodeSamples.dll at Library/ScriptAssemblies/Unity.Collections.DocCodeSamples.dll not valid. Loading of assembly skipped.
Assembly Unity.Collections.PerformanceTests.dll at Library/ScriptAssemblies/Unity.Collections.PerformanceTests.dll not valid. Loading of assembly skipped.
Assembly Unity.Collections.Tests.dll at Library/ScriptAssemblies/Unity.Collections.Tests.dll not valid. Loading of assembly skipped.
Assembly Unity.Collections.Tests.Playmode.dll at Library/ScriptAssemblies/Unity.Collections.Tests.Playmode.dll not valid. Loading of assembly skipped.
Assembly Unity.InputSystem.IntegrationTests.dll at Library/ScriptAssemblies/Unity.InputSystem.IntegrationTests.dll not valid. Loading of assembly skipped.
Assembly Unity.Mathematics.Tests.dll at Library/ScriptAssemblies/Unity.Mathematics.Tests.dll not valid. Loading of assembly skipped.
Assembly Unity.Multiplayer.Center.Editor.Tests.dll at Library/ScriptAssemblies/Unity.Multiplayer.Center.Editor.Tests.dll not valid. Loading of assembly skipped.
Assembly Unity.Multiplayer.Center.Tests.dll at Library/ScriptAssemblies/Unity.Multiplayer.Center.Tests.dll not valid. Loading of assembly skipped.
Assembly Unity.Nuget.Mono-Cecil.dll at Library/ScriptAssemblies/Unity.Nuget.Mono-Cecil.dll not valid. Loading of assembly skipped.
Assembly Unity.PathTracing.Editor.Tests.dll at Library/ScriptAssemblies/Unity.PathTracing.Editor.Tests.dll not valid. Loading of assembly skipped.
Assembly Unity.PathTracing.Runtime.Tests.dll at Library/ScriptAssemblies/Unity.PathTracing.Runtime.Tests.dll not valid. Loading of assembly skipped.
Assembly Unity.RenderPipelines.Core.Editor.Tests.dll at Library/ScriptAssemblies/Unity.RenderPipelines.Core.Editor.Tests.dll not valid. Loading of assembly skipped.
Assembly Unity.RenderPipelines.Core.Runtime.Tests.dll at Library/ScriptAssemblies/Unity.RenderPipelines.Core.Runtime.Tests.dll not valid. Loading of assembly skipped.
Assembly Unity.RenderPipelines.Universal.Config.Editor.Tests.dll at Library/ScriptAssemblies/Unity.RenderPipelines.Universal.Config.Editor.Tests.dll not valid. Loading of assembly skipped.
Assembly Unity.RenderPipelines.Universal.Editor.Tests.dll at Library/ScriptAssemblies/Unity.RenderPipelines.Universal.Editor.Tests.dll not valid. Loading of assembly skipped.
Assembly Unity.RenderPipelines.Universal.Runtime.Tests.dll at Library/ScriptAssemblies/Unity.RenderPipelines.Universal.Runtime.Tests.dll not valid. Loading of assembly skipped.
Assembly Unity.Searcher.EditorTests.dll at Library/ScriptAssemblies/Unity.Searcher.EditorTests.dll not valid. Loading of assembly skipped.
Assembly Unity.ShaderGraph.Editor.Tests.dll at Library/ScriptAssemblies/Unity.ShaderGraph.Editor.Tests.dll not valid. Loading of assembly skipped.
Assembly Unity.TextMeshPro.Editor.Tests.dll at Library/ScriptAssemblies/Unity.TextMeshPro.Editor.Tests.dll not valid. Loading of assembly skipped.
Assembly Unity.TextMeshPro.Tests.dll at Library/ScriptAssemblies/Unity.TextMeshPro.Tests.dll not valid. Loading of assembly skipped.
Assembly Unity.UnifiedRayTracing.Editor.Tests.dll at Library/ScriptAssemblies/Unity.UnifiedRayTracing.Editor.Tests.dll not valid. Loading of assembly skipped.
Assembly UnityEditor.UI.Common.Tests.dll at Library/ScriptAssemblies/UnityEditor.UI.Common.Tests.dll not valid. Loading of assembly skipped.
Assembly UnityEditor.UI.EditorTests.dll at Library/ScriptAssemblies/UnityEditor.UI.EditorTests.dll not valid. Loading of assembly skipped.
Assembly UnityEngine.UI.Tests.dll at Library/ScriptAssemblies/UnityEngine.UI.Tests.dll not valid. Loading of assembly skipped.
Refreshing native plugins compatible for Editor in 784.30 ms, found 5 plugins.
Native extension for WindowsStandalone target not found
[Package Manager] Failed to launch server process. Reason: Unity was launched with the -noUpm command-line argument
[Package Manager] Unable to send message (not connected to server process).
[Package Manager] Cannot connect to Unity Package Manager local server
Refreshing native plugins compatible for Editor in 6.55 ms, found 5 plugins.
[Package Manager] Failed to launch server process. Reason: Unity was launched with the -noUpm command-line argument
[Package Manager] Unable to send message (not connected to server process).
[Package Manager] Cannot connect to Unity Package Manager local server
ScheduleIndexationOnStartup MainProcess:False IndexOnStartup:True
Mono: successfully reloaded assembly
- Finished resetting the current domain, in 25.882 seconds
Domain Reload Profiling: 45736ms
	BeginReloadAssembly (1411ms)
		DisableScriptedObjects (11ms)
		CreateAndSetChildDomain (74ms)
	RebuildCommonClasses (175ms)
	RebuildNativeTypeToScriptingClass (78ms)
	initialDomainReloadingComplete (6158ms)
	LoadAllAssembliesAndSetupDomain (12030ms)
		LoadAssemblies (5902ms)
		AnalyzeDomain (6908ms)
			TypeCache.Refresh (1303ms)
				TypeCache.ScanAssembly (1225ms)
			BuildScriptInfoCaches (5561ms)
			ResolveRequiredComponents (39ms)
	FinalizeReload (25883ms)
		SetupLoadedEditorAssemblies (0ms)
			InitializePlatformSupportModulesInManaged (10ms)
			BeforeProcessingInitializeOnLoad (911ms)
			ProcessInitializeOnLoadAttributes (2528ms)
			ProcessInitializeOnLoadMethodAttributes (15629ms)
			AfterProcessingInitializeOnLoad (48ms)
		AwakeInstancesAfterBackupRestoration (42ms)
Launched and connected shader compiler UnityShaderCompiler.exe after 0.21 seconds
Refreshing native plugins compatible for Editor in 7.86 ms, found 5 plugins.
Unloading 24 Unused Serialized files (Serialized files now loaded: 0)
Unloading 7269 unused Assets / (2.9 MB). Loaded Objects now: 8095.
Memory consumption went from 155.0 MB to 152.1 MB.
Total: 109.915700 ms (FindLiveObjects: 1.615300 ms CreateObjectMapping: 4.185600 ms MarkObjects: 61.518600 ms  DeleteObjects: 42.592600 ms)

========================================================================
Received Import Request.
  Time since last request: 30506.804425 seconds.
  path: Assets/Art/Tiles/kealler/kaeller boden.png
  importAddress: Guid(e4125c7c98bfcaf48ae676822c84c321) Importer(2089858483,b0f066a214c2f5e87bad3c948f4d605d)
Start importing Assets/Art/Tiles/kealler/kaeller boden.png using Guid(e4125c7c98bfcaf48ae676822c84c321) Importer(2089858483,b0f066a214c2f5e87bad3c948f4d605d) (ScriptedImporter) -> (Import Result ID: 'c525697115607214f503361052347bb4') in 0.6028215 seconds [static and dynamic dependencies]. Details - ImportResultOutputID=2c8d0e4638f3317ace03ed4e33de46a3 DependenciesID=e68be011998a64d533bdbe849ad54446 StaticDependenciesID=ef81604185f9c20cddcd416b22001967 
Number of updated asset objects reloaded before import = 0Number of asset objects unloaded after import = 3

========================================================================
Received Import Request.
  Time since last request: 0.000033 seconds.
  path: Assets/Art/Tiles/kealler
  importAddress: Guid(89d50d177bb25a34c8f5103168f22299) Importer(2089858483,b0f066a214c2f5e87bad3c948f4d605d)
Start importing Assets/Art/Tiles/kealler using Guid(89d50d177bb25a34c8f5103168f22299) Importer(2089858483,b0f066a214c2f5e87bad3c948f4d605d) (ScriptedImporter) -> (Import Result ID: 'd259c67c4dc4baf109d53c4b29b30a89') in 0.2211874 seconds [static and dynamic dependencies]. Details - ImportResultOutputID=359c7bf8f91e45ac7caa5ce71072e478 DependenciesID=6f2970f2883e597eca39dbacfe138378 StaticDependenciesID=cec0e8b3d4294c5456bfe1bc9c630837 
Number of updated asset objects reloaded before import = 0Number of asset objects unloaded after import = 1

========================================================================
Received Import Request.
  Time since last request: 0.000033 seconds.
  path: Assets/Art/Tiles/normal room/normal room wall left .png
  importAddress: Guid(14135bec08b1eba4f981bb8cda365995) Importer(2089858483,b0f066a214c2f5e87bad3c948f4d605d)
Start importing Assets/Art/Tiles/normal room/normal room wall left .png using Guid(14135bec08b1eba4f981bb8cda365995) Importer(2089858483,b0f066a214c2f5e87bad3c948f4d605d) (ScriptedImporter) -> (Import Result ID: '383d533991d5fc6032bc9e872c3f01e2') in 0.0623115 seconds [static and dynamic dependencies]. Details - ImportResultOutputID=ba8f248afb17bffd273689bc286636a1 DependenciesID=384483bb713e753a0f0cab2fb5d09107 StaticDependenciesID=c72173ff07f2c8feb121ed8b25c8a6c8 
Number of updated asset objects reloaded before import = 0Number of asset objects unloaded after import = 3

========================================================================
Received Import Request.
  Time since last request: 0.000026 seconds.
  path: Assets/Art
  importAddress: Guid(b57e0f95ba4c76c40a77b16590ba1e23) Importer(2089858483,b0f066a214c2f5e87bad3c948f4d605d)
Start importing Assets/Art using Guid(b57e0f95ba4c76c40a77b16590ba1e23) Importer(2089858483,b0f066a214c2f5e87bad3c948f4d605d) (ScriptedImporter) -> (Import Result ID: '78dab63214c6457246f10e8669d914e7') in 0.0057625 seconds [static and dynamic dependencies]. Details - ImportResultOutputID=a678b35bacd6bdd569ae6d402423979a DependenciesID=83513c3af9b78d3b035c82cdf147a6d6 StaticDependenciesID=fa2ad3c62cbd02d2be27bc63e33abbf5 
Number of updated asset objects reloaded before import = 0Number of asset objects unloaded after import = 1

========================================================================
Received Import Request.
  Time since last request: 0.000039 seconds.
  path: Assets/Art/Tiles/kealler/kaeller wall left.png
  importAddress: Guid(85b193b59b581fa4fafd56dc669c27bc) Importer(2089858483,b0f066a214c2f5e87bad3c948f4d605d)
Start importing Assets/Art/Tiles/kealler/kaeller wall left.png using Guid(85b193b59b581fa4fafd56dc669c27bc) Importer(2089858483,b0f066a214c2f5e87bad3c948f4d605d) (ScriptedImporter) -> (Import Result ID: 'db3dd1d3b687559b44faee7ad82176a2') in 0.0464424 seconds [static and dynamic dependencies]. Details - ImportResultOutputID=376f7032e7cca1b0bccd73804c7c9cd9 DependenciesID=e538991aff5736e7cb3c72c67d84fcf5 StaticDependenciesID=f0634871eb0acc82fa6a802057466c4d 
Number of updated asset objects reloaded before import = 0Number of asset objects unloaded after import = 3

========================================================================
Received Import Request.
  Time since last request: 0.000021 seconds.
  path: Assets/Art/Tiles/kealler/kaeller wall right.png
  importAddress: Guid(82ed093c6fefbfa46bd205c6b529d8e9) Importer(2089858483,b0f066a214c2f5e87bad3c948f4d605d)
Start importing Assets/Art/Tiles/kealler/kaeller wall right.png using Guid(82ed093c6fefbfa46bd205c6b529d8e9) Importer(2089858483,b0f066a214c2f5e87bad3c948f4d605d) (ScriptedImporter) -> (Import Result ID: 'da2a8465484288b12a5310bf88353913') in 0.1775152 seconds [static and dynamic dependencies]. Details - ImportResultOutputID=e2d3000439daa623c0bdfcb3be949fb1 DependenciesID=2ab6f4ffe0b77da3be82b59805f94939 StaticDependenciesID=4b5977d4d7eb7ae5bb591bc20cdfc629 
Number of updated asset objects reloaded before import = 0Number of asset objects unloaded after import = 3

========================================================================
Received Import Request.
  Time since last request: 0.000023 seconds.
  path: Assets/Art/Tiles/normal room/normal room top right corner.png
  importAddress: Guid(cae094c972b07a0499ad3dec02d3ece8) Importer(2089858483,b0f066a214c2f5e87bad3c948f4d605d)
Start importing Assets/Art/Tiles/normal room/normal room top right corner.png using Guid(cae094c972b07a0499ad3dec02d3ece8) Importer(2089858483,b0f066a214c2f5e87bad3c948f4d605d) (ScriptedImporter) -> (Import Result ID: 'e3375238c6f0adf29250356a22573bb4') in 0.1399299 seconds [static and dynamic dependencies]. Details - ImportResultOutputID=e584bb5064c18998e893cc76aa2eb9fa DependenciesID=00153fb4763a0272f43b39f43f297618 StaticDependenciesID=a444a9d58bf4d1443c879a1915a328f9 
Number of updated asset objects reloaded before import = 0Number of asset objects unloaded after import = 3

========================================================================
Received Import Request.
  Time since last request: 0.000036 seconds.
  path: Assets/Art/Tiles/normal room/woodfloor.png
  importAddress: Guid(f9ef57cd98191254da1a7ca0fbaffc9c) Importer(2089858483,b0f066a214c2f5e87bad3c948f4d605d)
Start importing Assets/Art/Tiles/normal room/woodfloor.png using Guid(f9ef57cd98191254da1a7ca0fbaffc9c) Importer(2089858483,b0f066a214c2f5e87bad3c948f4d605d) (ScriptedImporter) -> (Import Result ID: 'b3ef8b18975f40a889a728f86a735163') in 0.0724595 seconds [static and dynamic dependencies]. Details - ImportResultOutputID=f7de6ec89e096aa6b3a304050072b322 DependenciesID=ab8beb97fbb2db2bc16b3f2191cbf96d StaticDependenciesID=86efb2f6a3964bba6f74f8bbe9edb409 
Number of updated asset objects reloaded before import = 0Number of asset objects unloaded after import = 3

========================================================================
Received Import Request.
  Time since last request: 0.000029 seconds.
  path: Assets/Art/Tiles/normal room
  importAddress: Guid(76fcb1195835a2d4fac1f34d42237485) Importer(2089858483,b0f066a214c2f5e87bad3c948f4d605d)
Start importing Assets/Art/Tiles/normal room using Guid(76fcb1195835a2d4fac1f34d42237485) Importer(2089858483,b0f066a214c2f5e87bad3c948f4d605d) (ScriptedImporter) -> (Import Result ID: 'ed24c3b4a289c0f1f76d248e1c7545d5') in 0.0117557 seconds [static and dynamic dependencies]. Details - ImportResultOutputID=dc146be2fe11202288bbec0cbea082d2 DependenciesID=6c59d9c846133d2cfb764b2afa0b4af7 StaticDependenciesID=f3ffa51f8eedcf783e631163c2d85fb9 
Number of updated asset objects reloaded before import = 0Number of asset objects unloaded after import = 1

========================================================================
Received Import Request.
  Time since last request: 0.000037 seconds.
  path: Assets/Art/Sprites/Enemy/Enemy_attack.gif
  importAddress: Guid(4d5916ee27cb6e14f8753e43ea552ccf) Importer(2089858483,b0f066a214c2f5e87bad3c948f4d605d)
Start importing Assets/Art/Sprites/Enemy/Enemy_attack.gif using Guid(4d5916ee27cb6e14f8753e43ea552ccf) Importer(2089858483,b0f066a214c2f5e87bad3c948f4d605d) (ScriptedImporter) -> (Import Result ID: 'cc29f8ffe6d597a2ed3f1d1112d1e561') in 0.0576718 seconds [static and dynamic dependencies]. Details - ImportResultOutputID=02a54aaa43ad7477a5c42fa8d8861272 DependenciesID=e5633648b0e931d92c13288415ff70ff StaticDependenciesID=4c211da5365ffab227057381dc35ab15 
Number of updated asset objects reloaded before import = 0Number of asset objects unloaded after import = 3

Editor requested this worker to shutdown with reason: Scaling down because of idle timeout
AssetImportWorker is now disconnected from the server
Process exiting
Exiting without the bug reporter. Application will terminate with return code 0